V3 3
FL C:/Projectos_VHDL/P04_BinaryToGrey/BinaryToGrey.vhd 2013/08/28.14:51:26 P.68d
EN work/BinaryToGrey 1377888533 \
      FL C:/Projectos_VHDL/P04_BinaryToGrey/BinaryToGrey.vhd \
      PB ieee/std_logic_1164 1370735607
AR work/BinaryToGrey/Behavioral 1377888534 \
      FL C:/Projectos_VHDL/P04_BinaryToGrey/BinaryToGrey.vhd EN work/BinaryToGrey 1377888533
