EN cont0a99 NULL C:/Projectos_VHDL/Final_Timer/Cont0a99.vhd sub00/vhpl02 1386049508
EN final_timer NULL C:/Projectos_VHDL/Final_Timer/Final_timer.vhd sub00/vhpl12 1386049520
EN decbcd7seg NULL C:/Projectos_VHDL/Final_Timer/DecBCD7Seg.vhd sub00/vhpl10 1386049516
AR cont0a3 behavioral C:/Projectos_VHDL/Final_Timer/Cont0a3.vhd sub00/vhpl15 1386049519
EN mux4to1 NULL C:/Projectos_VHDL/Final_Timer/Mux4to1.vhd sub00/vhpl06 1386049512
AR selanodo behavioral C:/Projectos_VHDL/Final_Timer/SelAnodo.vhd sub00/vhpl09 1386049515
AR mux4to1 behavioral C:/Projectos_VHDL/Final_Timer/Mux4to1.vhd sub00/vhpl07 1386049513
AR final_timer behavioral C:/Projectos_VHDL/Final_Timer/Final_timer.vhd sub00/vhpl13 1386045317
AR clk1hz behavioral C:/Projectos_VHDL/Final_Timer/Clk1Hz.vhd sub00/vhpl01 1386049507
EN cont0a3 NULL C:/Projectos_VHDL/Final_Timer/Cont0a3.vhd sub00/vhpl14 1386049518
AR refreshdisplay behavioral C:/Projectos_VHDL/Final_Timer/RefreshDisplay.vhd sub00/vhpl05 1386049511
EN selanodo NULL C:/Projectos_VHDL/Final_Timer/SelAnodo.vhd sub00/vhpl08 1386049514
AR decbcd7seg behavioral C:/Projectos_VHDL/Final_Timer/DecBCD7Seg.vhd sub00/vhpl11 1386049517
AR cont0a99 behavioral C:/Projectos_VHDL/Final_Timer/Cont0a99.vhd sub00/vhpl03 1386049509
EN clk1hz NULL C:/Projectos_VHDL/Final_Timer/Clk1Hz.vhd sub00/vhpl00 1386049506
EN refreshdisplay NULL C:/Projectos_VHDL/Final_Timer/RefreshDisplay.vhd sub00/vhpl04 1386049510
