EN clock NULL C:/Projectos_VHDL/Projects_SisDigAva_Parcial2/P17_Structural_Clock/Clock.vhd sub00/vhpl18 1383079582
EN decbcd7seg NULL C:/Projectos_VHDL/Projects_SisDigAva_Parcial2/P17_Structural_Clock/DecBCD7Seg.vhd sub00/vhpl16 1383079580
AR cont0a9 behavioral C:/Projectos_VHDL/Projects_SisDigAva_Parcial2/P17_Structural_Clock/Cont0a9.vhd sub00/vhpl03 1383079567
AR cont0a23 behavioral C:/Projectos_VHDL/Projects_SisDigAva_Parcial2/P17_Structural_Clock/Cont0a23.vhd sub00/vhpl07 1383079571
AR cont0a5 behavioral C:/Projectos_VHDL/Projects_SisDigAva_Parcial2/P17_Structural_Clock/Cont0a5.vhd sub00/vhpl05 1383079569
AR cont0a3 behavioral C:/Projectos_VHDL/Projects_SisDigAva_Parcial2/P17_Structural_Clock/Cont0a3.vhd sub00/vhpl11 1383079575
EN mux4to1 NULL C:/Projectos_VHDL/Projects_SisDigAva_Parcial2/P17_Structural_Clock/Mux4to1.vhd sub00/vhpl12 1383079576
AR selanodo behavioral C:/Projectos_VHDL/Projects_SisDigAva_Parcial2/P17_Structural_Clock/SelAnodo.vhd sub00/vhpl15 1383079579
AR mux4to1 behavioral C:/Projectos_VHDL/Projects_SisDigAva_Parcial2/P17_Structural_Clock/Mux4to1.vhd sub00/vhpl13 1383079577
AR clk1hz behavioral C:/Projectos_VHDL/Projects_SisDigAva_Parcial2/P17_Structural_Clock/Clk1Hz.vhd sub00/vhpl01 1383079565
AR clock behavioral C:/Projectos_VHDL/Projects_SisDigAva_Parcial2/P17_Structural_Clock/Clock.vhd sub00/vhpl19 1383079583
EN cont0a3 NULL C:/Projectos_VHDL/Projects_SisDigAva_Parcial2/P17_Structural_Clock/Cont0a3.vhd sub00/vhpl10 1383079574
EN cont0a5 NULL C:/Projectos_VHDL/Projects_SisDigAva_Parcial2/P17_Structural_Clock/Cont0a5.vhd sub00/vhpl04 1383079568
EN cont0a9 NULL C:/Projectos_VHDL/Projects_SisDigAva_Parcial2/P17_Structural_Clock/Cont0a9.vhd sub00/vhpl02 1383079566
AR refreshdisplay behavioral C:/Projectos_VHDL/Projects_SisDigAva_Parcial2/P17_Structural_Clock/RefreshDisplay.vhd sub00/vhpl09 1383079573
EN selanodo NULL C:/Projectos_VHDL/Projects_SisDigAva_Parcial2/P17_Structural_Clock/SelAnodo.vhd sub00/vhpl14 1383079578
AR decbcd7seg behavioral C:/Projectos_VHDL/Projects_SisDigAva_Parcial2/P17_Structural_Clock/DecBCD7Seg.vhd sub00/vhpl17 1383079581
EN clk1hz NULL C:/Projectos_VHDL/Projects_SisDigAva_Parcial2/P17_Structural_Clock/Clk1Hz.vhd sub00/vhpl00 1383079564
EN cont0a23 NULL C:/Projectos_VHDL/Projects_SisDigAva_Parcial2/P17_Structural_Clock/Cont0a23.vhd sub00/vhpl06 1383079570
EN refreshdisplay NULL C:/Projectos_VHDL/Projects_SisDigAva_Parcial2/P17_Structural_Clock/RefreshDisplay.vhd sub00/vhpl08 1383079572
