EN clock NULL C:/Projectos_VHDL/P17_Structural_Clock_Finished/Clock.vhd sub00/vhpl18 1384186390
EN decbcd7seg NULL C:/Projectos_VHDL/P17_Structural_Clock_Finished/DecBCD7Seg.vhd sub00/vhpl16 1384186388
AR cont0a9 behavioral C:/Projectos_VHDL/P17_Structural_Clock_Finished/Cont0a9.vhd sub00/vhpl03 1384186375
AR cont0a23 behavioral C:/Projectos_VHDL/P17_Structural_Clock_Finished/Cont0a23.vhd sub00/vhpl07 1384186379
AR cont0a5 behavioral C:/Projectos_VHDL/P17_Structural_Clock_Finished/Cont0a5.vhd sub00/vhpl05 1384186377
AR cont0a3 behavioral C:/Projectos_VHDL/P17_Structural_Clock_Finished/Cont0a3.vhd sub00/vhpl11 1384186383
EN mux4to1 NULL C:/Projectos_VHDL/P17_Structural_Clock_Finished/Mux4to1.vhd sub00/vhpl12 1384186384
AR selanodo behavioral C:/Projectos_VHDL/P17_Structural_Clock_Finished/SelAnodo.vhd sub00/vhpl15 1384186387
AR mux4to1 behavioral C:/Projectos_VHDL/P17_Structural_Clock_Finished/Mux4to1.vhd sub00/vhpl13 1384186385
AR clk1hz behavioral C:/Projectos_VHDL/P17_Structural_Clock_Finished/Clk1Hz.vhd sub00/vhpl01 1384186373
AR clock behavioral C:/Projectos_VHDL/P17_Structural_Clock_Finished/Clock.vhd sub00/vhpl19 1384186391
EN cont0a3 NULL C:/Projectos_VHDL/P17_Structural_Clock_Finished/Cont0a3.vhd sub00/vhpl10 1384186382
EN cont0a5 NULL C:/Projectos_VHDL/P17_Structural_Clock_Finished/Cont0a5.vhd sub00/vhpl04 1384186376
EN cont0a9 NULL C:/Projectos_VHDL/P17_Structural_Clock_Finished/Cont0a9.vhd sub00/vhpl02 1384186374
AR refreshdisplay behavioral C:/Projectos_VHDL/P17_Structural_Clock_Finished/RefreshDisplay.vhd sub00/vhpl09 1384186381
EN selanodo NULL C:/Projectos_VHDL/P17_Structural_Clock_Finished/SelAnodo.vhd sub00/vhpl14 1384186386
AR decbcd7seg behavioral C:/Projectos_VHDL/P17_Structural_Clock_Finished/DecBCD7Seg.vhd sub00/vhpl17 1384186389
EN clk1hz NULL C:/Projectos_VHDL/P17_Structural_Clock_Finished/Clk1Hz.vhd sub00/vhpl00 1384186372
EN cont0a23 NULL C:/Projectos_VHDL/P17_Structural_Clock_Finished/Cont0a23.vhd sub00/vhpl06 1384186378
EN refreshdisplay NULL C:/Projectos_VHDL/P17_Structural_Clock_Finished/RefreshDisplay.vhd sub00/vhpl08 1384186380
