V3 3
FL C:/Projectos_VHDL/Projects_SisDigAva_Parcial2/Grey/Grey.vhd 2013/10/30.18:14:41 P.68d
EN work/Grey 1383178485 \
      FL C:/Projectos_VHDL/Projects_SisDigAva_Parcial2/Grey/Grey.vhd \
      PB ieee/std_logic_1164 1370735607
AR work/Grey/Behavioral 1383178486 \
      FL C:/Projectos_VHDL/Projects_SisDigAva_Parcial2/Grey/Grey.vhd EN work/Grey 1383178485
