V3 3
FL C:/Projectos_VHDL/Projects_SisDigAva_Parcial2/Problem1SecondPartial/SecondPartial1.vhd 2013/10/30.17:24:05 P.68d
EN work/SecondPartial1 1383175449 \
      FL C:/Projectos_VHDL/Projects_SisDigAva_Parcial2/Problem1SecondPartial/SecondPartial1.vhd \
      PB ieee/std_logic_1164 1370735607
AR work/SecondPartial1/Behavioral 1383175450 \
      FL C:/Projectos_VHDL/Projects_SisDigAva_Parcial2/Problem1SecondPartial/SecondPartial1.vhd \
      EN work/SecondPartial1 1383175449
