#-----------------------------------------------------------
# PlanAhead v14.6 (64-bit)
# Build 269223 by xbuild on Wed Jun  5 11:14:03 MDT 2013
# Start of session at: Wed Oct 16 11:02:48 2013
# Process ID: 6084
# Log file: D:/Projects_SisDigAva/P18_Barrel_Shifters/planAhead_run_1/planAhead.log
# Journal file: D:/Projects_SisDigAva/P18_Barrel_Shifters/planAhead_run_1/planAhead.jou
#-----------------------------------------------------------
start_gui
source D:/Projects_SisDigAva/P18_Barrel_Shifters/pa.fromNetlist.tcl
startgroup
set_property package_pin T5 [get_ports {Bus_A[7]}]
endgroup
startgroup
set_property package_pin V8 [get_ports {Bus_A[6]}]
endgroup
startgroup
set_property package_pin N8 [get_ports {Bus_A[5]}]
endgroup
set_property package_pin "" [get_ports [list  {Bus_A[2]}]]
startgroup
set_property package_pin M8 [get_ports {Bus_A[4]}]
endgroup
startgroup
set_property package_pin V9 [get_ports {Bus_A[3]}]
endgroup
startgroup
set_property package_pin T9 [get_ports {Bus_A[2]}]
endgroup
startgroup
set_property package_pin T10 [get_ports {Bus_A[1]}]
endgroup
set_property package_pin "" [get_ports [list  {Bus_A[0]}]]
startgroup
set_property package_pin U8 [get_ports {Bus_A[5]}]
endgroup
startgroup
set_property package_pin N8 [get_ports {Bus_A[4]}]
endgroup
startgroup
set_property package_pin T9 [get_ports {Bus_A[2]}]
endgroup
startgroup
set_property package_pin A7 [get_ports {Bus_A[0]}]
endgroup
startgroup
set_property package_pin M8 [get_ports {Bus_A[3]}]
endgroup
startgroup
set_property package_pin V9 [get_ports {Bus_A[2]}]
endgroup
startgroup
set_property package_pin T9 [get_ports {Bus_A[1]}]
endgroup
startgroup
set_property package_pin T10 [get_ports {Bus_A[0]}]
endgroup
set_property package_pin "" [get_ports [list  {Bus_B[6]}]]
startgroup
set_property package_pin T11 [get_ports {Bus_B[7]}]
endgroup
startgroup
set_property package_pin R11 [get_ports {Bus_B[6]}]
endgroup
set_property package_pin "" [get_ports [list  {Bus_B[1]}]]
startgroup
set_property package_pin N11 [get_ports {Bus_B[5]}]
endgroup
set_property package_pin "" [get_ports [list  {Bus_B[3]}]]
set_property package_pin "" [get_ports [list  {Bus_B[2]}]]
startgroup
set_property package_pin M11 [get_ports {Bus_B[4]}]
endgroup
startgroup
set_property package_pin V15 [get_ports {Bus_B[3]}]
endgroup
startgroup
set_property package_pin U15 [get_ports {Bus_B[2]}]
endgroup
startgroup
set_property package_pin V16 [get_ports {Bus_B[1]}]
endgroup
startgroup
set_property package_pin U16 [get_ports {Bus_B[0]}]
endgroup
save_constraints
