EN clock NULL C:/Projectos_VHDL/P17_Structural_Clock/Clock.vhd sub00/vhpl00 1382752997
EN decbcd7seg NULL C:/Projectos_VHDL/P17_Structural_Clock/DecBCD7seg.vhd sub00/vhpl16 1382752995
AR cont0a9 behavioral C:/Projectos_VHDL/P17_Structural_Clock/Cont0a9.vhd sub00/vhpl07 1382752982
AR cont0a23 behavioral C:/Projectos_VHDL/P17_Structural_Clock/Cont0a23.vhd sub00/vhpl19 1382752986
AR cont0a5 behavioral C:/Projectos_VHDL/P17_Structural_Clock/Cont0a5.vhd sub00/vhpl09 1382752984
AR cont0a3 behavioral C:/Projectos_VHDL/P17_Structural_Clock/Cont0a3.vhd sub00/vhpl11 1382752990
EN mux4to1 NULL C:/Projectos_VHDL/P17_Structural_Clock/Mux4to1.vhd sub00/vhpl02 1382752991
AR selanodo behavioral C:/Projectos_VHDL/P17_Structural_Clock/SelAnodo.vhd sub00/vhpl15 1382752994
AR mux4to1 behavioral C:/Projectos_VHDL/P17_Structural_Clock/Mux4to1.vhd sub00/vhpl03 1382752992
AR clk1hz behavioral C:/Projectos_VHDL/P17_Structural_Clock/Clk1Hz.vhd sub00/vhpl05 1382752980
AR clock behavioral C:/Projectos_VHDL/P17_Structural_Clock/Clock.vhd sub00/vhpl01 1382752998
EN cont0a3 NULL C:/Projectos_VHDL/P17_Structural_Clock/Cont0a3.vhd sub00/vhpl10 1382752989
EN cont0a5 NULL C:/Projectos_VHDL/P17_Structural_Clock/Cont0a5.vhd sub00/vhpl08 1382752983
EN cont0a9 NULL C:/Projectos_VHDL/P17_Structural_Clock/Cont0a9.vhd sub00/vhpl06 1382752981
AR refreshdisplay behavioral C:/Projectos_VHDL/P17_Structural_Clock/RefreshDisplay.vhd sub00/vhpl13 1382752988
EN selanodo NULL C:/Projectos_VHDL/P17_Structural_Clock/SelAnodo.vhd sub00/vhpl14 1382752993
AR decbcd7seg behavioral C:/Projectos_VHDL/P17_Structural_Clock/DecBCD7seg.vhd sub00/vhpl17 1382752996
EN clk1hz NULL C:/Projectos_VHDL/P17_Structural_Clock/Clk1Hz.vhd sub00/vhpl04 1382752979
EN cont0a23 NULL C:/Projectos_VHDL/P17_Structural_Clock/Cont0a23.vhd sub00/vhpl18 1382752985
EN refreshdisplay NULL C:/Projectos_VHDL/P17_Structural_Clock/RefreshDisplay.vhd sub00/vhpl12 1382752987
