Release 14.6 - xst P.68d (nt)
Copyright (c) 1995-2013 Xilinx, Inc.  All rights reserved.
--> Parameter TMPDIR set to xst/projnav.tmp


Total REAL time to Xst completion: 0.00 secs
Total CPU time to Xst completion: 0.31 secs
 
--> Parameter xsthdpdir set to xst


Total REAL time to Xst completion: 0.00 secs
Total CPU time to Xst completion: 0.31 secs
 
--> Reading design: Clock.prj

TABLE OF CONTENTS
  1) Synthesis Options Summary
  2) HDL Compilation
  3) Design Hierarchy Analysis
  4) HDL Analysis
  5) HDL Synthesis
     5.1) HDL Synthesis Report
  6) Advanced HDL Synthesis
     6.1) Advanced HDL Synthesis Report
  7) Low Level Synthesis
  8) Partition Report
  9) Final Report
	9.1) Device utilization summary
	9.2) Partition Resource Summary
	9.3) TIMING REPORT


=========================================================================
*                      Synthesis Options Summary                        *
=========================================================================
---- Source Parameters
Input File Name                    : "Clock.prj"
Input Format                       : mixed
Ignore Synthesis Constraint File   : NO

---- Target Parameters
Output File Name                   : "Clock"
Output Format                      : NGC
Target Device                      : xc3s100e-5-cp132

---- Source Options
Top Module Name                    : Clock
Automatic FSM Extraction           : YES
FSM Encoding Algorithm             : Auto
Safe Implementation                : No
FSM Style                          : LUT
RAM Extraction                     : Yes
RAM Style                          : Auto
ROM Extraction                     : Yes
Mux Style                          : Auto
Decoder Extraction                 : YES
Priority Encoder Extraction        : Yes
Shift Register Extraction          : YES
Logical Shifter Extraction         : YES
XOR Collapsing                     : YES
ROM Style                          : Auto
Mux Extraction                     : Yes
Resource Sharing                   : YES
Asynchronous To Synchronous        : NO
Multiplier Style                   : Auto
Automatic Register Balancing       : No

---- Target Options
Add IO Buffers                     : YES
Global Maximum Fanout              : 100000
Add Generic Clock Buffer(BUFG)     : 24
Register Duplication               : YES
Slice Packing                      : YES
Optimize Instantiated Primitives   : NO
Use Clock Enable                   : Yes
Use Synchronous Set                : Yes
Use Synchronous Reset              : Yes
Pack IO Registers into IOBs        : Auto
Equivalent register Removal        : YES

---- General Options
Optimization Goal                  : Speed
Optimization Effort                : 1
Keep Hierarchy                     : No
Netlist Hierarchy                  : As_Optimized
RTL Output                         : Yes
Global Optimization                : AllClockNets
Read Cores                         : YES
Write Timing Constraints           : NO
Cross Clock Analysis               : NO
Hierarchy Separator                : /
Bus Delimiter                      : <>
Case Specifier                     : Maintain
Slice Utilization Ratio            : 100
BRAM Utilization Ratio             : 100
Verilog 2001                       : YES
Auto BRAM Packing                  : NO
Slice Utilization Ratio Delta      : 5

=========================================================================


=========================================================================
*                          HDL Compilation                              *
=========================================================================
Compiling vhdl file "C:/Projectos_VHDL/P17_Structural_Clock/Clk1Hz.vhd" in Library work.
Architecture behavioral of Entity clk1hz is up to date.
Compiling vhdl file "C:/Projectos_VHDL/P17_Structural_Clock/Cont0a9.vhd" in Library work.
Architecture behavioral of Entity cont0a9 is up to date.
Compiling vhdl file "C:/Projectos_VHDL/P17_Structural_Clock/Cont0a5.vhd" in Library work.
Architecture behavioral of Entity cont0a5 is up to date.
Compiling vhdl file "C:/Projectos_VHDL/P17_Structural_Clock/Cont0a23.vhd" in Library work.
Architecture behavioral of Entity cont0a23 is up to date.
Compiling vhdl file "C:/Projectos_VHDL/P17_Structural_Clock/RefreshDisplay.vhd" in Library work.
Architecture behavioral of Entity refreshdisplay is up to date.
Compiling vhdl file "C:/Projectos_VHDL/P17_Structural_Clock/Cont0a3.vhd" in Library work.
Architecture behavioral of Entity cont0a3 is up to date.
Compiling vhdl file "C:/Projectos_VHDL/P17_Structural_Clock/Mux4to1.vhd" in Library work.
Architecture behavioral of Entity mux4to1 is up to date.
Compiling vhdl file "C:/Projectos_VHDL/P17_Structural_Clock/SelAnodo.vhd" in Library work.
Architecture behavioral of Entity selanodo is up to date.
Compiling vhdl file "C:/Projectos_VHDL/P17_Structural_Clock/DecBCD7seg.vhd" in Library work.
Architecture behavioral of Entity decbcd7seg is up to date.
Compiling vhdl file "C:/Projectos_VHDL/P17_Structural_Clock/Clock.vhd" in Library work.
Entity <clock> compiled.
Entity <clock> (Architecture <behavioral>) compiled.

=========================================================================
*                     Design Hierarchy Analysis                         *
=========================================================================
Analyzing hierarchy for entity <Clock> in library <work> (architecture <behavioral>).

Analyzing hierarchy for entity <Clk1Hz> in library <work> (architecture <behavioral>).

Analyzing hierarchy for entity <Cont0a9> in library <work> (architecture <behavioral>).

Analyzing hierarchy for entity <Cont0a5> in library <work> (architecture <behavioral>).

Analyzing hierarchy for entity <Cont0a23> in library <work> (architecture <behavioral>).

Analyzing hierarchy for entity <RefreshDisplay> in library <work> (architecture <behavioral>).

Analyzing hierarchy for entity <Cont0a3> in library <work> (architecture <behavioral>).

Analyzing hierarchy for entity <Mux4to1> in library <work> (architecture <behavioral>).

Analyzing hierarchy for entity <SelAnodo> in library <work> (architecture <behavioral>).

Analyzing hierarchy for entity <DecBCD7Seg> in library <work> (architecture <behavioral>).


=========================================================================
*                            HDL Analysis                               *
=========================================================================
Analyzing Entity <Clock> in library <work> (Architecture <behavioral>).
Entity <Clock> analyzed. Unit <Clock> generated.

Analyzing Entity <Clk1Hz> in library <work> (Architecture <behavioral>).
Entity <Clk1Hz> analyzed. Unit <Clk1Hz> generated.

Analyzing Entity <Cont0a9> in library <work> (Architecture <behavioral>).
Entity <Cont0a9> analyzed. Unit <Cont0a9> generated.

Analyzing Entity <Cont0a5> in library <work> (Architecture <behavioral>).
Entity <Cont0a5> analyzed. Unit <Cont0a5> generated.

Analyzing Entity <Cont0a23> in library <work> (Architecture <behavioral>).
Entity <Cont0a23> analyzed. Unit <Cont0a23> generated.

Analyzing Entity <RefreshDisplay> in library <work> (Architecture <behavioral>).
Entity <RefreshDisplay> analyzed. Unit <RefreshDisplay> generated.

Analyzing Entity <Cont0a3> in library <work> (Architecture <behavioral>).
Entity <Cont0a3> analyzed. Unit <Cont0a3> generated.

Analyzing Entity <Mux4to1> in library <work> (Architecture <behavioral>).
Entity <Mux4to1> analyzed. Unit <Mux4to1> generated.

Analyzing Entity <SelAnodo> in library <work> (Architecture <behavioral>).
Entity <SelAnodo> analyzed. Unit <SelAnodo> generated.

Analyzing Entity <DecBCD7Seg> in library <work> (Architecture <behavioral>).
Entity <DecBCD7Seg> analyzed. Unit <DecBCD7Seg> generated.


=========================================================================
*                           HDL Synthesis                               *
=========================================================================

Performing bidirectional port resolution...

Synthesizing Unit <Clk1Hz>.
    Related source file is "C:/Projectos_VHDL/P17_Structural_Clock/Clk1Hz.vhd".
    Found 1-bit register for signal <ClkOut>.
    Found 27-bit up counter for signal <cont>.
    Summary:
	inferred   1 Counter(s).
	inferred   1 D-type flip-flop(s).
Unit <Clk1Hz> synthesized.


Synthesizing Unit <Cont0a9>.
    Related source file is "C:/Projectos_VHDL/P17_Structural_Clock/Cont0a9.vhd".
WARNING:Xst:1305 - Output <TCO> is never assigned. Tied to value 0.
WARNING:Xst:647 - Input <Load> is never used. This port will be preserved and left unconnected if it belongs to a top-level block or it belongs to a sub-block and the hierarchy of this sub-block is preserved.
WARNING:Xst:647 - Input <Enable> is never used. This port will be preserved and left unconnected if it belongs to a top-level block or it belongs to a sub-block and the hierarchy of this sub-block is preserved.
WARNING:Xst:647 - Input <Valor> is never used. This port will be preserved and left unconnected if it belongs to a top-level block or it belongs to a sub-block and the hierarchy of this sub-block is preserved.
    Found 4-bit up counter for signal <Cuenta>.
    Summary:
	inferred   1 Counter(s).
Unit <Cont0a9> synthesized.


Synthesizing Unit <Cont0a5>.
    Related source file is "C:/Projectos_VHDL/P17_Structural_Clock/Cont0a5.vhd".
WARNING:Xst:1305 - Output <TCO> is never assigned. Tied to value 0.
WARNING:Xst:647 - Input <Load> is never used. This port will be preserved and left unconnected if it belongs to a top-level block or it belongs to a sub-block and the hierarchy of this sub-block is preserved.
WARNING:Xst:647 - Input <Enable> is never used. This port will be preserved and left unconnected if it belongs to a top-level block or it belongs to a sub-block and the hierarchy of this sub-block is preserved.
WARNING:Xst:647 - Input <Valor> is never used. This port will be preserved and left unconnected if it belongs to a top-level block or it belongs to a sub-block and the hierarchy of this sub-block is preserved.
    Found 4-bit up counter for signal <Cuenta>.
    Summary:
	inferred   1 Counter(s).
Unit <Cont0a5> synthesized.


Synthesizing Unit <Cont0a23>.
    Related source file is "C:/Projectos_VHDL/P17_Structural_Clock/Cont0a23.vhd".
WARNING:Xst:647 - Input <ValorUni> is never used. This port will be preserved and left unconnected if it belongs to a top-level block or it belongs to a sub-block and the hierarchy of this sub-block is preserved.
WARNING:Xst:647 - Input <Load> is never used. This port will be preserved and left unconnected if it belongs to a top-level block or it belongs to a sub-block and the hierarchy of this sub-block is preserved.
WARNING:Xst:647 - Input <Enable> is never used. This port will be preserved and left unconnected if it belongs to a top-level block or it belongs to a sub-block and the hierarchy of this sub-block is preserved.
WARNING:Xst:647 - Input <ValorDec> is never used. This port will be preserved and left unconnected if it belongs to a top-level block or it belongs to a sub-block and the hierarchy of this sub-block is preserved.
    Found 8-bit up counter for signal <Cuenta>.
    Summary:
	inferred   1 Counter(s).
Unit <Cont0a23> synthesized.


Synthesizing Unit <RefreshDisplay>.
    Related source file is "C:/Projectos_VHDL/P17_Structural_Clock/RefreshDisplay.vhd".
    Found 1-bit register for signal <ClkOut>.
    Found 19-bit up counter for signal <cont>.
    Summary:
	inferred   1 Counter(s).
	inferred   1 D-type flip-flop(s).
Unit <RefreshDisplay> synthesized.


Synthesizing Unit <Cont0a3>.
    Related source file is "C:/Projectos_VHDL/P17_Structural_Clock/Cont0a3.vhd".
WARNING:Xst:647 - Input <Enable> is never used. This port will be preserved and left unconnected if it belongs to a top-level block or it belongs to a sub-block and the hierarchy of this sub-block is preserved.
    Found 2-bit up counter for signal <Cuenta>.
    Summary:
	inferred   1 Counter(s).
Unit <Cont0a3> synthesized.


Synthesizing Unit <Mux4to1>.
    Related source file is "C:/Projectos_VHDL/P17_Structural_Clock/Mux4to1.vhd".
    Found 4-bit 4-to-1 multiplexer for signal <Tiempo>.
    Summary:
	inferred   4 Multiplexer(s).
Unit <Mux4to1> synthesized.


Synthesizing Unit <SelAnodo>.
    Related source file is "C:/Projectos_VHDL/P17_Structural_Clock/SelAnodo.vhd".
    Found 1-of-4 decoder for signal <Anodo>.
    Summary:
	inferred   1 Decoder(s).
Unit <SelAnodo> synthesized.


Synthesizing Unit <DecBCD7Seg>.
    Related source file is "C:/Projectos_VHDL/P17_Structural_Clock/DecBCD7seg.vhd".
    Found 16x7-bit ROM for signal <Seg>.
    Summary:
	inferred   1 ROM(s).
Unit <DecBCD7Seg> synthesized.


Synthesizing Unit <Clock>.
    Related source file is "C:/Projectos_VHDL/P17_Structural_Clock/Clock.vhd".
Unit <Clock> synthesized.


=========================================================================
HDL Synthesis Report

Macro Statistics
# ROMs                                                 : 1
 16x7-bit ROM                                          : 1
# Counters                                             : 8
 19-bit up counter                                     : 1
 2-bit up counter                                      : 1
 27-bit up counter                                     : 1
 4-bit up counter                                      : 4
 8-bit up counter                                      : 1
# Registers                                            : 2
 1-bit register                                        : 2
# Multiplexers                                         : 1
 4-bit 4-to-1 multiplexer                              : 1
# Decoders                                             : 1
 1-of-4 decoder                                        : 1

=========================================================================

=========================================================================
*                       Advanced HDL Synthesis                          *
=========================================================================

WARNING:Xst:1290 - Hierarchical block <U1> is unconnected in block <Clock>.
   It will be removed from the design.
WARNING:Xst:1290 - Hierarchical block <U7> is unconnected in block <Clock>.
   It will be removed from the design.

=========================================================================
Advanced HDL Synthesis Report

Macro Statistics
# ROMs                                                 : 1
 16x7-bit ROM                                          : 1
# Counters                                             : 8
 19-bit up counter                                     : 1
 2-bit up counter                                      : 1
 27-bit up counter                                     : 1
 4-bit up counter                                      : 4
 8-bit up counter                                      : 1
# Registers                                            : 2
 Flip-Flops                                            : 2
# Multiplexers                                         : 1
 4-bit 4-to-1 multiplexer                              : 1
# Decoders                                             : 1
 1-of-4 decoder                                        : 1

=========================================================================

=========================================================================
*                         Low Level Synthesis                           *
=========================================================================
WARNING:Xst:2677 - Node <U1/ClkOut> of sequential type is unconnected in block <Clock>.
WARNING:Xst:2677 - Node <U7/ClkOut> of sequential type is unconnected in block <Clock>.

Optimizing unit <Clock> ...

Mapping all equations...
Building and optimizing final netlist ...
Found area constraint ratio of 100 (+ 5) on block Clock, actual ratio is 3.

Final Macro Processing ...

=========================================================================
Final Register Report

Macro Statistics
# Registers                                            : 26
 Flip-Flops                                            : 26

=========================================================================

=========================================================================
*                           Partition Report                            *
=========================================================================

Partition Implementation Status
-------------------------------

  No Partitions were found in this design.

-------------------------------

=========================================================================
*                            Final Report                               *
=========================================================================
Final Results
RTL Top Level Output File Name     : Clock.ngr
Top Level Output File Name         : Clock
Output Format                      : NGC
Optimization Goal                  : Speed
Keep Hierarchy                     : No

Design Statistics
# IOs                              : 31

Cell Usage :
# BELS                             : 77
#      GND                         : 1
#      INV                         : 6
#      LUT1                        : 7
#      LUT2                        : 7
#      LUT3                        : 17
#      LUT4                        : 17
#      LUT4_D                      : 2
#      MUXCY                       : 7
#      MUXF5                       : 4
#      VCC                         : 1
#      XORCY                       : 8
# FlipFlops/Latches                : 26
#      FDC                         : 26
# Clock Buffers                    : 1
#      BUFGP                       : 1
# IO Buffers                       : 20
#      IBUF                        : 1
#      OBUF                        : 19
=========================================================================

Device utilization summary:
---------------------------

Selected Device : 3s100ecp132-5 

 Number of Slices:                       29  out of    960     3%  
 Number of Slice Flip Flops:             26  out of   1920     1%  
 Number of 4 input LUTs:                 56  out of   1920     2%  
 Number of IOs:                          31
 Number of bonded IOBs:                  21  out of     83    25%  
 Number of GCLKs:                         1  out of     24     4%  

---------------------------
Partition Resource Summary:
---------------------------

  No Partitions were found in this design.

---------------------------


=========================================================================
TIMING REPORT

NOTE: THESE TIMING NUMBERS ARE ONLY A SYNTHESIS ESTIMATE.
      FOR ACCURATE TIMING INFORMATION PLEASE REFER TO THE TRACE REPORT
      GENERATED AFTER PLACE-and-ROUTE.

Clock Information:
------------------
-----------------------------------+------------------------+-------+
Clock Signal                       | Clock buffer(FF name)  | Load  |
-----------------------------------+------------------------+-------+
Clk100MHz                          | BUFGP                  | 26    |
-----------------------------------+------------------------+-------+

Asynchronous Control Signals Information:
----------------------------------------
-----------------------------------+------------------------+-------+
Control Signal                     | Buffer(FF name)        | Load  |
-----------------------------------+------------------------+-------+
Rst                                | IBUF                   | 26    |
-----------------------------------+------------------------+-------+

Timing Summary:
---------------
Speed Grade: -5

   Minimum period: 4.401ns (Maximum Frequency: 227.213MHz)
   Minimum input arrival time before clock: No path found
   Maximum output required time after clock: 7.298ns
   Maximum combinational path delay: No path found

Timing Detail:
--------------
All values displayed in nanoseconds (ns)

=========================================================================
Timing constraint: Default period analysis for Clock 'Clk100MHz'
  Clock period: 4.401ns (frequency: 227.213MHz)
  Total number of paths / destination ports: 153 / 26
-------------------------------------------------------------------------
Delay:               4.401ns (Levels of Logic = 3)
  Source:            U6/Cuenta_0 (FF)
  Destination:       U6/Cuenta_7 (FF)
  Source Clock:      Clk100MHz rising
  Destination Clock: Clk100MHz rising

  Data Path: U6/Cuenta_0 to U6/Cuenta_7
                                Gate     Net
    Cell:in->out      fanout   Delay   Delay  Logical Name (Net Name)
    ----------------------------------------  ------------
     FDC:C->Q              3   0.514   0.603  U6/Cuenta_0 (U6/Cuenta_0)
     LUT4_D:I0->O          7   0.612   0.671  U6/Mcount_Cuenta_eqn_0117 (U6/Mcount_Cuenta_eqn_0117)
     LUT2:I1->O            1   0.612   0.509  U6/Mcount_Cuenta_eqn_0118 (N01)
     LUT2:I0->O            1   0.612   0.000  U6/Mcount_Cuenta_eqn_71 (U6/Mcount_Cuenta_eqn_7)
     FDC:D                     0.268          U6/Cuenta_7
    ----------------------------------------
    Total                      4.401ns (2.618ns logic, 1.783ns route)
                                       (59.5% logic, 40.5% route)

=========================================================================
Timing constraint: Default OFFSET OUT AFTER for Clock 'Clk100MHz'
  Total number of paths / destination ports: 212 / 19
-------------------------------------------------------------------------
Offset:              7.298ns (Levels of Logic = 4)
  Source:            U8/Cuenta_0 (FF)
  Destination:       Seg<0> (PAD)
  Source Clock:      Clk100MHz rising

  Data Path: U8/Cuenta_0 to Seg<0>
                                Gate     Net
    Cell:in->out      fanout   Delay   Delay  Logical Name (Net Name)
    ----------------------------------------  ------------
     FDC:C->Q             14   0.514   1.002  U8/Cuenta_0 (U8/Cuenta_0)
     LUT3:I0->O            1   0.612   0.000  U9/Mmux_Tiempo_3 (U9/Mmux_Tiempo_3)
     MUXF5:I1->O           7   0.278   0.754  U9/Mmux_Tiempo_2_f5 (Tiempo_int<0>)
     LUT4:I0->O            1   0.612   0.357  U11/Mrom_Seg31 (Seg_3_OBUF)
     OBUF:I->O                 3.169          Seg_3_OBUF (Seg<3>)
    ----------------------------------------
    Total                      7.298ns (5.185ns logic, 2.113ns route)
                                       (71.0% logic, 29.0% route)

=========================================================================


Total REAL time to Xst completion: 6.00 secs
Total CPU time to Xst completion: 6.07 secs
 
--> 

Total memory usage is 210328 kilobytes

Number of errors   :    0 (   0 filtered)
Number of warnings :   17 (   0 filtered)
Number of infos    :    0 (   0 filtered)

