V3 3
FL C:/Projectos_VHDL/P18_Barrel_Shifters/Barrel_Shifters.vhd 2013/10/16.18:08:51 P.68d
EN work/Barrel_Shifters 1381964935 \
      FL C:/Projectos_VHDL/P18_Barrel_Shifters/Barrel_Shifters.vhd \
      PB ieee/std_logic_1164 1370735607 PB ieee/STD_LOGIC_UNSIGNED 1370735609
AR work/Barrel_Shifters/Behavioral 1381964936 \
      FL C:/Projectos_VHDL/P18_Barrel_Shifters/Barrel_Shifters.vhd \
      EN work/Barrel_Shifters 1381964935
