V3 3
FL C:/Projectos_VHDL/P08b_Comparator/Comparator.vhd 2013/09/04.18:05:08 P.68d
EN work/Comparator 1378336047 FL C:/Projectos_VHDL/P08b_Comparator/Comparator.vhd \
      PB ieee/std_logic_1164 1370735607
AR work/Comparator/Behavioral 1378336048 \
      FL C:/Projectos_VHDL/P08b_Comparator/Comparator.vhd EN work/Comparator 1378336047
