--------------------------------------------------------------------------------
Release 14.6 Trace  (nt)
Copyright (c) 1995-2013 Xilinx, Inc.  All rights reserved.

C:\Xilinx\14.6\ISE_DS\ISE\bin\nt\unwrapped\trce.exe -intstyle ise -v 3 -s 3 -n
3 -fastpaths -xml Top.twx Top.ncd -o Top.twr Top.pcf -ucf Top.ucf

Design file:              Top.ncd
Physical constraint file: Top.pcf
Device,package,speed:     xc6slx16,csg324,C,-3 (PRODUCTION 1.23 2013-06-08)
Report level:             verbose report

Environment Variable      Effect 
--------------------      ------ 
NONE                      No environment variables were set
--------------------------------------------------------------------------------

INFO:Timing:2698 - No timing constraints found, doing default enumeration.
INFO:Timing:3412 - To improve timing, see the Timing Closure User Guide (UG612).
INFO:Timing:2752 - To get complete path coverage, use the unconstrained paths 
   option. All paths that are not constrained will be reported in the 
   unconstrained paths section(s) of the report.
INFO:Timing:3339 - The clock-to-out numbers in this timing report are based on 
   a 50 Ohm transmission line loading model.  For the details of this model, 
   and for more information on accounting for different loading conditions, 
   please see the device datasheet.



Data Sheet report:
-----------------
All values displayed in nanoseconds (ns)

Setup/Hold to clock Clk100MHz
------------+------------+------------+------------+------------+------------------+--------+
            |Max Setup to|  Process   |Max Hold to |  Process   |                  | Clock  |
Source      | clk (edge) |   Corner   | clk (edge) |   Corner   |Internal Clock(s) | Phase  |
------------+------------+------------+------------+------------+------------------+--------+
InA<0>      |    0.972(R)|      FAST  |   -0.358(R)|      SLOW  |Clk100MHz_BUFGP   |   0.000|
InA<1>      |    0.617(R)|      FAST  |    0.037(R)|      SLOW  |Clk100MHz_BUFGP   |   0.000|
InA<2>      |    0.296(R)|      FAST  |    0.524(R)|      SLOW  |Clk100MHz_BUFGP   |   0.000|
InA<3>      |    0.606(R)|      FAST  |    0.136(R)|      SLOW  |Clk100MHz_BUFGP   |   0.000|
InA<4>      |    0.786(R)|      FAST  |   -0.110(R)|      SLOW  |Clk100MHz_BUFGP   |   0.000|
InA<5>      |    0.660(R)|      FAST  |    0.056(R)|      SLOW  |Clk100MHz_BUFGP   |   0.000|
InA<6>      |    0.784(R)|      FAST  |   -0.163(R)|      SLOW  |Clk100MHz_BUFGP   |   0.000|
InA<7>      |    1.125(R)|      SLOW  |   -0.608(R)|      SLOW  |Clk100MHz_BUFGP   |   0.000|
------------+------------+------------+------------+------------+------------------+--------+

Clock Clk100MHz to Pad
------------+-----------------+------------+-----------------+------------+------------------+--------+
            |Max (slowest) clk|  Process   |Min (fastest) clk|  Process   |                  | Clock  |
Destination |  (edge) to PAD  |   Corner   |  (edge) to PAD  |   Corner   |Internal Clock(s) | Phase  |
------------+-----------------+------------+-----------------+------------+------------------+--------+
OutY<0>     |         7.400(R)|      SLOW  |         3.901(R)|      FAST  |Clk100MHz_BUFGP   |   0.000|
OutY<1>     |         7.411(R)|      SLOW  |         3.915(R)|      FAST  |Clk100MHz_BUFGP   |   0.000|
OutY<2>     |         7.482(R)|      SLOW  |         3.970(R)|      FAST  |Clk100MHz_BUFGP   |   0.000|
OutY<3>     |         7.456(R)|      SLOW  |         3.940(R)|      FAST  |Clk100MHz_BUFGP   |   0.000|
Rdy         |         6.845(R)|      SLOW  |         3.514(R)|      FAST  |Clk100MHz_BUFGP   |   0.000|
------------+-----------------+------------+-----------------+------------+------------------+--------+

Clock to Setup on destination clock Clk100MHz
---------------+---------+---------+---------+---------+
               | Src:Rise| Src:Fall| Src:Rise| Src:Fall|
Source Clock   |Dest:Rise|Dest:Rise|Dest:Fall|Dest:Fall|
---------------+---------+---------+---------+---------+
Clk100MHz      |    3.184|         |         |         |
---------------+---------+---------+---------+---------+


Analysis completed Thu Oct 17 08:38:44 2013 
--------------------------------------------------------------------------------

Trace Settings:
-------------------------
Trace Settings 

Peak Memory Usage: 168 MB



