V3 3
FL C:/Projectos_VHDL/P02_Mayority_Detector_VHDL/Mayority_Detector.vhd 2013/08/21.17:26:16 P.68d
EN work/Mayority_Detector 1377127707 \
      FL C:/Projectos_VHDL/P02_Mayority_Detector_VHDL/Mayority_Detector.vhd \
      PB ieee/std_logic_1164 1370735607
AR work/Mayority_Detector/Mayority_Detector_Arch 1377127708 \
      FL C:/Projectos_VHDL/P02_Mayority_Detector_VHDL/Mayority_Detector.vhd \
      EN work/Mayority_Detector 1377127707
