V3 3
FL C:/Projectos_VHDL/P05_GreyToBinary/GreyToBinary.vhd 2013/08/30.13:20:25 P.68d
EN work/GreyToBinary 1377886828 \
      FL C:/Projectos_VHDL/P05_GreyToBinary/GreyToBinary.vhd \
      PB ieee/std_logic_1164 1370735607
AR work/GreyToBinary/Behavioral 1377886829 \
      FL C:/Projectos_VHDL/P05_GreyToBinary/GreyToBinary.vhd EN work/GreyToBinary 1377886828
