V3 3
FL C:/Projectos_VHDL/P07_BinaryToHex/BinaryToHex.vhd 2013/09/06.17:40:08 P.68d
EN work/BinaryToHex 1379117183 \
      FL C:/Projectos_VHDL/P07_BinaryToHex/BinaryToHex.vhd PB ieee/std_logic_1164 1370735607
AR work/BinaryToHex/Behavioral 1379117184 \
      FL C:/Projectos_VHDL/P07_BinaryToHex/BinaryToHex.vhd EN work/BinaryToHex 1379117183
