V3 3
FL C:/Projectos_VHDL/FinalExam_Conv_to_integer/Conv_to_integer.vhd 2013/12/02.19:53:57 P.68d
EN work/Conv_to_integer 1386036298 \
      FL C:/Projectos_VHDL/FinalExam_Conv_to_integer/Conv_to_integer.vhd \
      PB ieee/std_logic_1164 1370735607 PB ieee/NUMERIC_STD 1370735611
AR work/Conv_to_integer/Behavioral 1386036299 \
      FL C:/Projectos_VHDL/FinalExam_Conv_to_integer/Conv_to_integer.vhd \
      EN work/Conv_to_integer 1386036298
